1758031401175:help
1758031420810:bb
1758031424021:hello
1758031432937:quit
1758031698080:q
1758031700724:s
1758031703002:qq
1758031705594:help
1758032219957:hepl
1758032221149:help
1758032227609:bb
1758055690767:help
1758055694219:bb
1758055699143:[wd
1758055700639:pwd
1758055714307:bb
1758055720051:Load file
1758055878251:help
1758055887219:load graph/test.txt
1758055898907:load graph/test322.txt
1758056285974:load graph/test.txt
1758056289942:help
1758056300218:bfs
1758056453002:help
1758056456890:dfs
1758056470890:load graph/test.txt
1758056474338:dfs
1758056498885:bfs
1758056519180:dfs 3
1758056522488:dfs 2
1758056523977:dfs 4
1758056525133:dfs 5
1758056526576:dfs 6
1758056528426:dfs 7
1758056529736:dfs 8
1758056531948:dfs 9
1758056534220:dfs 10
1758056535972:dfs 11
1758056540152:bfs 2
1758056541832:bfs 3
1758056543600:bfs 4
1758056544964:bfs 5
1758056546788:bfs 6
1758056550211:bfs 7
1758056552108:bfs 8
1758056554444:bfs 9
1758056557284:bfs 10
1758056559328:bfs 11
1758056672862:help
1758056683661:load graph/test/txt
1758056688369:load graph/test.txt
1758056694349:dfs
1758056707072:dfs 3
1758056708989:dfs 4
1758056710725:dfs 5
1758056712400:-1
1758056714833:dfs -1
1758056721976:dfs "-31"
1758056726292:dfs 150
1758056739664:bfs 31240
1758057045718:quit
1758057087605:load graph/test.txt
1758057092072:help
1758057095319:gspbv
1758057104716:gspbv 1 8
1758057109123:gspbv 1 9
1758057179311:quit
1758057378378:load graph/test.txt
1758057382290:help
1758057389010:gspbav
1758057501335:load graph/testPrima.txt
1758057506736:gspbav
1758057608977:load graptestFloydWarshall.txt
1758057635912:load graph/testFloydWarshall.txt
1758057659080:gspbav
1758057843141:quit
1758057862708:load graph/testPrima.txt
1758057866612:help
1758057871231:glst
1758058110103:quit
1758058140090:load graph/testAntAlg.txt
1758058143014:help
1758058148361:stsp
1758058583180:quit
1758220071649:help
1758220086352:load graph/testDeixtra.txt
1758220090732:dfs
1758220094212:bfs
1758220102380:glst
1758220116967:stsp
1758220184394:gspbv
1758220206653:gspbav
1758220277397:stsp
1758220365858:stacktrace
1758220458192:quit
1758224197336:help
1758224234452:load src/testWithLoop.txt
1758224244500:load graph/testWithLoop.txt
1758224255314:stacktrace
1758224417780:load graph/testWithLoop.txt
1758224424013:bfs
1758224427946:help
1758224431638:dfs
1758224438563:glst
1758224464766:stsp
1758224476311:help
1758224481435:gspbv
1758224492946:gspbav
1758224968039:help
1758224975368:dfs --help
1758224993060:dfs help
1758225006511:dfs -h
1758225058412:dfs 2
1758225061033:dfs 3
1758225063198:dfs 4
1758225065233:dfs 5
1758225067725:dfs 11
1758225070649:dfs 9
1758225667665:dfs 322
1758226006639:load graph/testDirConGraph.txt
1758226010430:help
1758226014762:stsp
1758226060769:quit
1758226071517:load
1758226089739:load testDeixtra.txt
1758226124671:load graph/testDeixtra.txt
1758226130591:help
1758226134552:stsp
1758226324726:bfs
1758226326399:dfs
1758226331335:glst
1758226371330:gspbv
1758226439511:quit
1758226490903:load graph/testDeixtra.txt
1758226496158:stsp
1758226514547:load graph/testDirConGraph.txt
1758226518015:bfs
1758226519122:dfs
1758226521807:help
1758226525921:glst
1758226530486:stsp
1758226584161:stacktrace
1758227112135:ls
1758227116212:quit
1758227160663:load graph/testDirConGraph.txt
1758227162479:help
1758227165503:stsp
1758227187638:ls
1758227197706:help
1758227202565:stsp -h
1758227208211:dfs 3
1758227210202:dfs 4
1758227211559:dfs 5
1758227213475:dfs 6
1758227221981:bfs 1
1758227231871:bfs 2
1758227233094:bfs 3
1758227234229:bfs 4
1758227235446:bfs 5
1758227236674:bfs 6
1758227238102:bfs 7
1758227242886:bfs -2
1758227257497:gspbav
1758227275588:gspbv 2 4
1758227482021:gspbv 2 1
1758227491064:gspbv 2 2
1758227494512:gspbv 2 3
1758227496172:gspbv 2 4
1758227497360:gspbv 2 5
1758227500664:gspbv 2 6
1758227502492:gspbv 2 8
1758227515121:gspbv 1 2
1758227516862:gspbv 1 3
1758227520211:gspbv 1 14
1758227522435:gspbv 1 4
1758227527399:gspbv 1 5
1758227530042:gspbv 1 6
1758227540992:gspbv 6 1
1758227543131:gspbv 6 2
1758227546622:gspbv 6 3
1758227550354:gspbv 6 4
1758227551614:gspbv 6 5
